Usage:
  ams <command> [options]

Commands:
  help [command]                                                            Show help for a command
  auth token [--raw|--json]                                                 Exchange Maps token for access token
  geocode [--json] [--limit N] [--file <path>] [--concurrency N] <address>  Geocode an address
  reverse <lat>,<lon> [--limit N] [--json]                                  Reverse geocode coordinates
  ping [--request-id]                                                       Ping the Apple Map Server
  version                                                                   Show version info

Exit codes:
  0 success
  1 runtime/API error
  2 usage error
